// Jest Snapshot v1, https://goo.gl/fbAQLP

exports[`TreeView buildTree() ベーシックケース 1`] = `
<div
  class="TreeView"
>
  <div
    class="child-container"
    style="min-width: 0px;"
  >
    <div
      class="TreeNode"
    >
      <div
        class="node-container layout horizontal center"
      >
        <div
          class="toggle-icon-container"
          style="display: none;"
        >
          <svg
            class="q-spinner q-spinner-mat text-grey-6"
            focusable="false"
            height="1em"
            viewBox="25 25 50 50"
            width="1em"
          >
            <circle
              class="path"
              cx="50"
              cy="50"
              fill="none"
              r="20"
              stroke="currentColor"
              stroke-miterlimit="10"
              stroke-width="5"
            />
          </svg>
        </div>
         
        <div
          class="toggle-icon-container"
        >
          <i
            aria-hidden="true"
            class="q-icon notranslate text-grey-6"
            role="presentation"
          >
            <svg
              class="dot"
              height="24"
              viewBox="0 0 24 24"
              width="24"
              xmlns="http://www.w3.org/2000/svg"
              xmlns:xlink="http://www.w3.org/1999/xlink"
            >
              <circle
                cx="12"
                cy="12"
                fill="#9b9b9b"
                r="3"
                stroke-width="0"
              />
            </svg>
          </i>
        </div>
         
        <div
          class="layout horizontal center item-container"
        >
          <!---->
           
          <div
            class="item"
          >
            <span>
              Node1
            </span>
          </div>
        </div>
      </div>
       
      <div
        class="child-container"
        style="display: block; height: 0px;"
      >
        <div
          class="TreeNode"
        >
          <div
            class="node-container layout horizontal center"
          >
            <div
              class="toggle-icon-container"
              style="display: none;"
            >
              <svg
                class="q-spinner q-spinner-mat text-grey-6"
                focusable="false"
                height="1em"
                viewBox="25 25 50 50"
                width="1em"
              >
                <circle
                  class="path"
                  cx="50"
                  cy="50"
                  fill="none"
                  r="20"
                  stroke="currentColor"
                  stroke-miterlimit="10"
                  stroke-width="5"
                />
              </svg>
            </div>
             
            <div
              class="toggle-icon-container"
            >
              <i
                aria-hidden="true"
                class="q-icon notranslate text-grey-6"
                role="presentation"
              >
                <svg
                  class="dot"
                  height="24"
                  viewBox="0 0 24 24"
                  width="24"
                  xmlns="http://www.w3.org/2000/svg"
                  xmlns:xlink="http://www.w3.org/1999/xlink"
                >
                  <circle
                    cx="12"
                    cy="12"
                    fill="#9b9b9b"
                    r="3"
                    stroke-width="0"
                  />
                </svg>
              </i>
            </div>
             
            <div
              class="layout horizontal center item-container"
            >
              <!---->
               
              <div
                class="item"
              >
                <span>
                  Node1_1
                </span>
              </div>
            </div>
          </div>
           
          <div
            class="child-container"
            style="display: block; height: 0px;"
          >
            <div
              class="TreeNode"
            >
              <div
                class="node-container layout horizontal center"
              >
                <div
                  class="toggle-icon-container"
                  style="display: none;"
                >
                  <svg
                    class="q-spinner q-spinner-mat text-grey-6"
                    focusable="false"
                    height="1em"
                    viewBox="25 25 50 50"
                    width="1em"
                  >
                    <circle
                      class="path"
                      cx="50"
                      cy="50"
                      fill="none"
                      r="20"
                      stroke="currentColor"
                      stroke-miterlimit="10"
                      stroke-width="5"
                    />
                  </svg>
                </div>
                 
                <div
                  class="toggle-icon-container"
                >
                  <i
                    aria-hidden="true"
                    class="q-icon notranslate"
                    role="presentation"
                  />
                </div>
                 
                <div
                  class="layout horizontal center item-container selected"
                >
                  <div
                    class="icon-container"
                  >
                    <i
                      aria-hidden="true"
                      class="material-icons q-icon notranslate text-"
                      role="presentation"
                      style="font-size: 1.5em;"
                    >
                      inbox
                    </i>
                  </div>
                   
                  <div
                    class="item"
                  >
                    <span>
                      Node1_1_1
                    </span>
                  </div>
                </div>
              </div>
               
              <div
                class="child-container"
              />
            </div>
            <div
              class="TreeNode"
            >
              <div
                class="node-container layout horizontal center"
              >
                <div
                  class="toggle-icon-container"
                  style="display: none;"
                >
                  <svg
                    class="q-spinner q-spinner-mat text-grey-6"
                    focusable="false"
                    height="1em"
                    viewBox="25 25 50 50"
                    width="1em"
                  >
                    <circle
                      class="path"
                      cx="50"
                      cy="50"
                      fill="none"
                      r="20"
                      stroke="currentColor"
                      stroke-miterlimit="10"
                      stroke-width="5"
                    />
                  </svg>
                </div>
                 
                <div
                  class="toggle-icon-container"
                >
                  <i
                    aria-hidden="true"
                    class="q-icon notranslate text-grey-6"
                    role="presentation"
                  >
                    <svg
                      class="dot"
                      height="24"
                      viewBox="0 0 24 24"
                      width="24"
                      xmlns="http://www.w3.org/2000/svg"
                      xmlns:xlink="http://www.w3.org/1999/xlink"
                    >
                      <circle
                        cx="12"
                        cy="12"
                        fill="#9b9b9b"
                        r="3"
                        stroke-width="0"
                      />
                    </svg>
                  </i>
                </div>
                 
                <div
                  class="layout horizontal center item-container unselectable"
                >
                  <!---->
                   
                  <div
                    class="item"
                  >
                    <span>
                      Node1_1_2
                    </span>
                  </div>
                </div>
              </div>
               
              <div
                class="child-container"
              />
            </div>
            <div
              class="TreeNode"
            >
              <div
                class="node-container layout horizontal center"
              >
                <div
                  class="toggle-icon-container"
                  style="display: none;"
                >
                  <svg
                    class="q-spinner q-spinner-mat text-grey-6"
                    focusable="false"
                    height="1em"
                    viewBox="25 25 50 50"
                    width="1em"
                  >
                    <circle
                      class="path"
                      cx="50"
                      cy="50"
                      fill="none"
                      r="20"
                      stroke="currentColor"
                      stroke-miterlimit="10"
                      stroke-width="5"
                    />
                  </svg>
                </div>
                 
                <div
                  class="toggle-icon-container"
                >
                  <i
                    aria-hidden="true"
                    class="q-icon notranslate text-grey-6"
                    role="presentation"
                  >
                    <svg
                      class="dot"
                      height="24"
                      viewBox="0 0 24 24"
                      width="24"
                      xmlns="http://www.w3.org/2000/svg"
                      xmlns:xlink="http://www.w3.org/1999/xlink"
                    >
                      <circle
                        cx="12"
                        cy="12"
                        fill="#9b9b9b"
                        r="3"
                        stroke-width="0"
                      />
                    </svg>
                  </i>
                </div>
                 
                <div
                  class="layout horizontal center item-container"
                >
                  <!---->
                   
                  <div
                    class="item"
                  >
                    <span>
                      Node1_1_3
                    </span>
                  </div>
                </div>
              </div>
               
              <div
                class="child-container"
              />
            </div>
          </div>
        </div>
      </div>
    </div>
    <div
      class="TreeNode"
    >
      <div
        class="node-container layout horizontal center"
      >
        <div
          class="toggle-icon-container"
          style="display: none;"
        >
          <svg
            class="q-spinner q-spinner-mat text-grey-6"
            focusable="false"
            height="1em"
            viewBox="25 25 50 50"
            width="1em"
          >
            <circle
              class="path"
              cx="50"
              cy="50"
              fill="none"
              r="20"
              stroke="currentColor"
              stroke-miterlimit="10"
              stroke-width="5"
            />
          </svg>
        </div>
         
        <div
          class="toggle-icon-container"
        >
          <i
            aria-hidden="true"
            class="q-icon notranslate text-grey-6"
            role="presentation"
          >
            <svg
              class="dot"
              height="24"
              viewBox="0 0 24 24"
              width="24"
              xmlns="http://www.w3.org/2000/svg"
              xmlns:xlink="http://www.w3.org/1999/xlink"
            >
              <circle
                cx="12"
                cy="12"
                fill="#9b9b9b"
                r="3"
                stroke-width="0"
              />
            </svg>
          </i>
        </div>
         
        <div
          class="layout horizontal center item-container"
        >
          <!---->
           
          <div
            class="item"
          >
            <span>
              Node2
            </span>
          </div>
        </div>
      </div>
       
      <div
        class="child-container"
      />
    </div>
  </div>
   
  <object
    aria-hidden="true"
    data="about:blank"
    style="display: block; position: absolute; top: 0px; left: 0px; right: 0px; bottom: 0px; height: 100%; width: 100%; overflow: hidden; pointer-events: none; z-index: -1;"
    tabindex="-1"
    type="text/html"
  />
</div>
`;
